// Jest Snapshot v1, https://goo.gl/fbAQLP

exports[`<App /> matches snapshot 1`] = `
<BrowserRouter>
  <withRouter(Connect(Navbar))
    displayUploadModal={[Function]}
  />
  <Switch>
    <Redirect
      exact={true}
      from="/"
      to="/home"
    />
    <Route
      path="/home"
      render={[Function]}
    />
    <Redirect
      from="/browse"
      to="/home"
    />
    <Route
      path="/browse"
      render={[Function]}
    />
    <Route
      component={[Function]}
      path="/*"
    />
  </Switch>
</BrowserRouter>
`;
